[stderr] INFO:     Started server process [41375]
[stderr] INFO:     Waiting for application startup.
[stderr] INFO:     Application startup complete.
[stderr] INFO:     Uvicorn running on http://127.0.0.1:8765 (Press CTRL+C to quit)
INFO:     127.0.0.1:57896 - "GET /health HTTP/1.1" 200 OK
[stderr] INFO:     ('127.0.0.1', 57897) - "WebSocket /ws" [accepted]
[stderr] 2026-08-09 14:00:14 INFO     [codeboarding_pro.ws.server:258] WebSocket connected: session 9a3cc0a4-a855-457e-af62-943b1f7b86dd
[stderr] INFO:     connection open
[stderr] 2026-08-09 14:00:15 INFO     [tool_registry.manifest:309] has_required_tools: csharp unavailable (dotnet missing); skipping check
[stderr] 2026-08-09 14:00:15 INFO     [codeboarding_pro.lsp.bootstrap:56] LSP startup attempt 1/3
[stderr] 2026-08-09 14:00:15 INFO     [codeboarding_pro.session:183] Session 9a3cc0a4-a855-457e-af62-943b1f7b86dd initialized: repo=/Users/namanjindal/Documents/pw/fsd-may-26, project=fsd-may-26, output=/Users/namanjindal/Documents/pw/fsd-may-26/.codeboarding
[stderr] 2026-08-09 14:00:15 WARNING  [static_analyzer.typescript_config_scanner:59] No TypeScript configuration files found in /Users/namanjindal/Documents/pw/fsd-may-26
[stderr] 2026-08-09 14:00:15 INFO     [static_analyzer:111] No TypeScript config files found, using repository root for JavaScript
[stderr] 2026-08-09 14:00:15 INFO     [static_analyzer:238] Starting engine LSP client for JavaScript at /Users/namanjindal/Documents/pw/fsd-may-26
[stderr] 2026-08-09 14:00:15 INFO     [static_analyzer:263] JavaScript LSP start: 0.2s
[stderr] 2026-08-09 14:00:15 INFO     [codeboarding_pro.file_monitor:106] FileMonitor started for /Users/namanjindal/Documents/pw/fsd-may-26
[stderr] 2026-08-09 14:00:15 INFO     [codeboarding_pro.session:202] Session 9a3cc0a4-a855-457e-af62-943b1f7b86dd: FileMonitor activated
[stderr] 2026-08-09 14:00:15 INFO     [codeboarding_pro.session:243] Session 9a3cc0a4-a855-457e-af62-943b1f7b86dd: LSP wiring complete
[stderr] 2026-08-09 14:00:15 INFO     [codeboarding_pro.lsp.bootstrap:67] LSP clients started successfully (attempt 1)
[stderr] 2026-08-09 14:09:05 INFO     [watchfiles.main:308] 10 changes detected
[stderr] 2026-08-09 14:09:05 WARNING  [codeboarding_pro.analysis_controller:459] Skipping incremental update: full analysis artifacts not ready yet
[stderr] 2026-08-09 14:09:05 INFO     [codeboarding_pro.analysis_controller:280] No cached analysis results; skipping health report
[stderr] 2026-08-09 14:09:18 INFO     [watchfiles.main:308] 1 change detected
[stderr] 2026-08-09 14:09:19 WARNING  [codeboarding_pro.analysis_controller:459] Skipping incremental update: full analysis artifacts not ready yet
[stderr] 2026-08-09 14:09:19 INFO     [codeboarding_pro.analysis_controller:280] No cached analysis results; skipping health report
[stderr] 2026-08-09 14:11:11 INFO     [watchfiles.main:308] 1 change detected
[stderr] 2026-08-09 14:11:12 WARNING  [codeboarding_pro.analysis_controller:459] Skipping incremental update: full analysis artifacts not ready yet
[stderr] 2026-08-09 14:11:12 INFO     [codeboarding_pro.analysis_controller:280] No cached analysis results; skipping health report
[stderr] 2026-08-09 14:32:54 INFO     [watchfiles.main:308] 1 change detected
[stderr] 2026-08-09 14:32:54 WARNING  [codeboarding_pro.analysis_controller:459] Skipping incremental update: full analysis artifacts not ready yet
[stderr] 2026-08-09 14:32:54 INFO     [codeboarding_pro.analysis_controller:280] No cached analysis results; skipping health report
[stderr] 2026-08-09 14:43:56 INFO     [watchfiles.main:308] 1 change detected
[stderr] 2026-08-09 14:43:57 WARNING  [codeboarding_pro.analysis_controller:459] Skipping incremental update: full analysis artifacts not ready yet
[stderr] 2026-08-09 14:43:57 INFO     [codeboarding_pro.analysis_controller:280] No cached analysis results; skipping health report
[stderr] 2026-08-09 14:46:22 INFO     [watchfiles.main:308] 1 change detected
[stderr] 2026-08-09 14:46:22 WARNING  [codeboarding_pro.analysis_controller:459] Skipping incremental update: full analysis artifacts not ready yet
[stderr] 2026-08-09 14:46:22 INFO     [codeboarding_pro.analysis_controller:280] No cached analysis results; skipping health report
[stderr] 2026-08-09 14:46:45 INFO     [watchfiles.main:308] 1 change detected
[stderr] 2026-08-09 14:46:45 INFO     [watchfiles.main:308] 1 change detected
[stderr] 2026-08-09 14:46:45 INFO     [watchfiles.main:308] 1 change detected
[stderr] 2026-08-09 14:46:45 WARNING  [codeboarding_pro.analysis_controller:459] Skipping incremental update: full analysis artifacts not ready yet
[stderr] 2026-08-09 14:46:45 INFO     [codeboarding_pro.analysis_controller:280] No cached analysis results; skipping health report
[stderr] 2026-08-09 14:50:09 INFO     [watchfiles.main:308] 1 change detected
[stderr] 2026-08-09 14:50:10 WARNING  [codeboarding_pro.analysis_controller:459] Skipping incremental update: full analysis artifacts not ready yet
[stderr] 2026-08-09 14:50:10 INFO     [codeboarding_pro.analysis_controller:280] No cached analysis results; skipping health report
[stderr] 2026-08-09 14:54:39 INFO     [watchfiles.main:308] 1 change detected
[stderr] 2026-08-09 14:54:40 WARNING  [codeboarding_pro.analysis_controller:459] Skipping incremental update: full analysis artifacts not ready yet
[stderr] 2026-08-09 14:54:40 INFO     [codeboarding_pro.analysis_controller:280] No cached analysis results; skipping health report
[stderr] 2026-08-09 14:59:09 INFO     [watchfiles.main:308] 1 change detected
[stderr] 2026-08-09 14:59:10 WARNING  [codeboarding_pro.analysis_controller:459] Skipping incremental update: full analysis artifacts not ready yet
[stderr] 2026-08-09 14:59:10 INFO     [codeboarding_pro.analysis_controller:280] No cached analysis results; skipping health report
[stderr] 2026-08-09 15:00:35 INFO     [watchfiles.main:308] 1 change detected
[stderr] 2026-08-09 15:00:35 WARNING  [codeboarding_pro.analysis_controller:459] Skipping incremental update: full analysis artifacts not ready yet
[stderr] 2026-08-09 15:00:35 INFO     [codeboarding_pro.analysis_controller:280] No cached analysis results; skipping health report
[stderr] 2026-08-09 15:10:38 INFO     [watchfiles.main:308] 1 change detected
[stderr] 2026-08-09 15:10:39 WARNING  [codeboarding_pro.analysis_controller:459] Skipping incremental update: full analysis artifacts not ready yet
[stderr] 2026-08-09 15:10:39 INFO     [codeboarding_pro.analysis_controller:280] No cached analysis results; skipping health report
[stderr] 2026-08-09 15:16:23 INFO     [watchfiles.main:308] 1 change detected
[stderr] 2026-08-09 15:16:23 WARNING  [codeboarding_pro.analysis_controller:459] Skipping incremental update: full analysis artifacts not ready yet
[stderr] 2026-08-09 15:16:23 INFO     [codeboarding_pro.analysis_controller:280] No cached analysis results; skipping health report
[stderr] 2026-08-09 15:17:20 INFO     [watchfiles.main:308] 1 change detected
[stderr] 2026-08-09 15:17:21 WARNING  [codeboarding_pro.analysis_controller:459] Skipping incremental update: full analysis artifacts not ready yet
[stderr] 2026-08-09 15:17:21 INFO     [codeboarding_pro.analysis_controller:280] No cached analysis results; skipping health report
[stderr] 2026-08-09 15:17:38 INFO     [watchfiles.main:308] 1 change detected
[stderr] 2026-08-09 15:17:39 WARNING  [codeboarding_pro.analysis_controller:459] Skipping incremental update: full analysis artifacts not ready yet
[stderr] 2026-08-09 15:17:39 INFO     [codeboarding_pro.analysis_controller:280] No cached analysis results; skipping health report
[stderr] 2026-08-09 15:19:25 INFO     [watchfiles.main:308] 1 change detected
[stderr] 2026-08-09 15:19:25 WARNING  [codeboarding_pro.analysis_controller:459] Skipping incremental update: full analysis artifacts not ready yet
[stderr] 2026-08-09 15:19:25 INFO     [codeboarding_pro.analysis_controller:280] No cached analysis results; skipping health report
[stderr] 2026-08-09 15:19:29 INFO     [watchfiles.main:308] 1 change detected
[stderr] 2026-08-09 15:19:30 WARNING  [codeboarding_pro.analysis_controller:459] Skipping incremental update: full analysis artifacts not ready yet
[stderr] 2026-08-09 15:19:30 INFO     [codeboarding_pro.analysis_controller:280] No cached analysis results; skipping health report
[stderr] 2026-08-09 15:19:34 INFO     [watchfiles.main:308] 1 change detected
[stderr] 2026-08-09 15:19:35 WARNING  [codeboarding_pro.analysis_controller:459] Skipping incremental update: full analysis artifacts not ready yet
[stderr] 2026-08-09 15:19:35 INFO     [codeboarding_pro.analysis_controller:280] No cached analysis results; skipping health report
[stderr] 2026-08-09 15:19:39 INFO     [watchfiles.main:308] 1 change detected
[stderr] 2026-08-09 15:19:40 WARNING  [codeboarding_pro.analysis_controller:459] Skipping incremental update: full analysis artifacts not ready yet
[stderr] 2026-08-09 15:19:40 INFO     [codeboarding_pro.analysis_controller:280] No cached analysis results; skipping health report
[stderr] 2026-08-09 15:24:25 INFO     [watchfiles.main:308] 1 change detected
[stderr] 2026-08-09 15:24:26 WARNING  [codeboarding_pro.analysis_controller:459] Skipping incremental update: full analysis artifacts not ready yet
[stderr] 2026-08-09 15:24:26 INFO     [codeboarding_pro.analysis_controller:280] No cached analysis results; skipping health report
[stderr] 2026-08-09 15:25:13 INFO     [watchfiles.main:308] 1 change detected
[stderr] 2026-08-09 15:25:14 WARNING  [codeboarding_pro.analysis_controller:459] Skipping incremental update: full analysis artifacts not ready yet
[stderr] 2026-08-09 15:25:14 INFO     [codeboarding_pro.analysis_controller:280] No cached analysis results; skipping health report
[stderr] 2026-08-09 15:29:32 INFO     [watchfiles.main:308] 1 change detected
[stderr] 2026-08-09 15:29:32 WARNING  [codeboarding_pro.analysis_controller:459] Skipping incremental update: full analysis artifacts not ready yet
[stderr] 2026-08-09 15:29:32 INFO     [codeboarding_pro.analysis_controller:280] No cached analysis results; skipping health report
[stderr] 2026-08-09 15:29:42 INFO     [watchfiles.main:308] 1 change detected
[stderr] 2026-08-09 15:29:43 WARNING  [codeboarding_pro.analysis_controller:459] Skipping incremental update: full analysis artifacts not ready yet
[stderr] 2026-08-09 15:29:43 INFO     [codeboarding_pro.analysis_controller:280] No cached analysis results; skipping health report
[stderr] 2026-08-09 15:30:47 INFO     [watchfiles.main:308] 1 change detected
[stderr] 2026-08-09 15:30:47 WARNING  [codeboarding_pro.analysis_controller:459] Skipping incremental update: full analysis artifacts not ready yet
[stderr] 2026-08-09 15:30:47 INFO     [codeboarding_pro.analysis_controller:280] No cached analysis results; skipping health report
[stderr] 2026-08-09 15:37:41 INFO     [watchfiles.main:308] 1 change detected
[stderr] 2026-08-09 15:37:42 WARNING  [codeboarding_pro.analysis_controller:459] Skipping incremental update: full analysis artifacts not ready yet
[stderr] 2026-08-09 15:37:42 INFO     [codeboarding_pro.analysis_controller:280] No cached analysis results; skipping health report
[stderr] 2026-08-09 15:37:45 INFO     [watchfiles.main:308] 1 change detected
[stderr] 2026-08-09 15:37:45 WARNING  [codeboarding_pro.analysis_controller:459] Skipping incremental update: full analysis artifacts not ready yet
[stderr] 2026-08-09 15:37:45 INFO     [codeboarding_pro.analysis_controller:280] No cached analysis results; skipping health report
[stderr] 2026-08-09 15:37:54 INFO     [watchfiles.main:308] 1 change detected
[stderr] 2026-08-09 15:37:55 WARNING  [codeboarding_pro.analysis_controller:459] Skipping incremental update: full analysis artifacts not ready yet
[stderr] 2026-08-09 15:37:55 INFO     [codeboarding_pro.analysis_controller:280] No cached analysis results; skipping health report
[stderr] 2026-08-09 15:37:59 INFO     [watchfiles.main:308] 1 change detected
[stderr] 2026-08-09 15:37:59 WARNING  [codeboarding_pro.analysis_controller:459] Skipping incremental update: full analysis artifacts not ready yet
[stderr] 2026-08-09 15:37:59 INFO     [codeboarding_pro.analysis_controller:280] No cached analysis results; skipping health report
[stderr] 2026-08-09 15:38:04 INFO     [watchfiles.main:308] 1 change detected
[stderr] 2026-08-09 15:38:05 WARNING  [codeboarding_pro.analysis_controller:459] Skipping incremental update: full analysis artifacts not ready yet
[stderr] 2026-08-09 15:38:05 INFO     [codeboarding_pro.analysis_controller:280] No cached analysis results; skipping health report
[stderr] 2026-08-09 15:39:48 INFO     [watchfiles.main:308] 1 change detected
[stderr] 2026-08-09 15:39:48 WARNING  [codeboarding_pro.analysis_controller:459] Skipping incremental update: full analysis artifacts not ready yet
[stderr] 2026-08-09 15:39:48 INFO     [codeboarding_pro.analysis_controller:280] No cached analysis results; skipping health report
[stderr] 2026-08-09 15:40:12 INFO     [watchfiles.main:308] 1 change detected
[stderr] 2026-08-09 15:40:13 WARNING  [codeboarding_pro.analysis_controller:459] Skipping incremental update: full analysis artifacts not ready yet
[stderr] 2026-08-09 15:40:13 INFO     [codeboarding_pro.analysis_controller:280] No cached analysis results; skipping health report
[stderr] 2026-08-09 15:41:43 INFO     [watchfiles.main:308] 1 change detected
[stderr] 2026-08-09 15:41:43 WARNING  [codeboarding_pro.analysis_controller:459] Skipping incremental update: full analysis artifacts not ready yet
[stderr] 2026-08-09 15:41:43 INFO     [codeboarding_pro.analysis_controller:280] No cached analysis results; skipping health report
[stderr] 2026-08-09 16:04:04 INFO     [watchfiles.main:308] 1 change detected
[stderr] 2026-08-09 16:04:04 WARNING  [codeboarding_pro.analysis_controller:459] Skipping incremental update: full analysis artifacts not ready yet
[stderr] 2026-08-09 16:04:04 INFO     [codeboarding_pro.analysis_controller:280] No cached analysis results; skipping health report
[stderr] 2026-08-09 16:06:02 INFO     [watchfiles.main:308] 1 change detected
[stderr] 2026-08-09 16:06:03 WARNING  [codeboarding_pro.analysis_controller:459] Skipping incremental update: full analysis artifacts not ready yet
[stderr] 2026-08-09 16:06:03 INFO     [codeboarding_pro.analysis_controller:280] No cached analysis results; skipping health report
[stderr] 2026-08-09 16:07:15 INFO     [watchfiles.main:308] 1 change detected
[stderr] 2026-08-09 16:07:15 WARNING  [codeboarding_pro.analysis_controller:459] Skipping incremental update: full analysis artifacts not ready yet
[stderr] 2026-08-09 16:07:15 INFO     [codeboarding_pro.analysis_controller:280] No cached analysis results; skipping health report
[stderr] 2026-08-09 16:07:44 INFO     [watchfiles.main:308] 1 change detected
[stderr] 2026-08-09 16:07:45 WARNING  [codeboarding_pro.analysis_controller:459] Skipping incremental update: full analysis artifacts not ready yet
[stderr] 2026-08-09 16:07:45 INFO     [codeboarding_pro.analysis_controller:280] No cached analysis results; skipping health report
[stderr] 2026-08-09 16:11:40 INFO     [watchfiles.main:308] 1 change detected
[stderr] 2026-08-09 16:11:41 WARNING  [codeboarding_pro.analysis_controller:459] Skipping incremental update: full analysis artifacts not ready yet
[stderr] 2026-08-09 16:11:41 INFO     [codeboarding_pro.analysis_controller:280] No cached analysis results; skipping health report
[stderr] 2026-08-09 16:11:44 INFO     [watchfiles.main:308] 1 change detected
[stderr] 2026-08-09 16:11:44 WARNING  [codeboarding_pro.analysis_controller:459] Skipping incremental update: full analysis artifacts not ready yet
[stderr] 2026-08-09 16:11:44 INFO     [codeboarding_pro.analysis_controller:280] No cached analysis results; skipping health report
[stderr] 2026-08-09 16:13:19 INFO     [watchfiles.main:308] 1 change detected
[stderr] 2026-08-09 16:13:19 WARNING  [codeboarding_pro.analysis_controller:459] Skipping incremental update: full analysis artifacts not ready yet
[stderr] 2026-08-09 16:13:19 INFO     [codeboarding_pro.analysis_controller:280] No cached analysis results; skipping health report
[stderr] 2026-08-09 16:13:24 INFO     [watchfiles.main:308] 1 change detected
[stderr] 2026-08-09 16:13:24 WARNING  [codeboarding_pro.analysis_controller:459] Skipping incremental update: full analysis artifacts not ready yet
[stderr] 2026-08-09 16:13:24 INFO     [codeboarding_pro.analysis_controller:280] No cached analysis results; skipping health report
[stderr] 2026-08-09 16:17:01 INFO     [watchfiles.main:308] 1 change detected
[stderr] 2026-08-09 16:17:02 WARNING  [codeboarding_pro.analysis_controller:459] Skipping incremental update: full analysis artifacts not ready yet
[stderr] 2026-08-09 16:17:02 INFO     [codeboarding_pro.analysis_controller:280] No cached analysis results; skipping health report
[stderr] 2026-08-09 16:29:43 INFO     [watchfiles.main:308] 1 change detected
[stderr] 2026-08-09 16:29:44 WARNING  [codeboarding_pro.analysis_controller:459] Skipping incremental update: full analysis artifacts not ready yet
[stderr] 2026-08-09 16:29:44 INFO     [codeboarding_pro.analysis_controller:280] No cached analysis results; skipping health report
[stderr] 2026-08-09 16:31:02 INFO     [watchfiles.main:308] 1 change detected
[stderr] 2026-08-09 16:31:02 WARNING  [codeboarding_pro.analysis_controller:459] Skipping incremental update: full analysis artifacts not ready yet
[stderr] 2026-08-09 16:31:02 INFO     [codeboarding_pro.analysis_controller:280] No cached analysis results; skipping health report
[stderr] 2026-08-09 16:31:08 INFO     [watchfiles.main:308] 1 change detected
[stderr] 2026-08-09 16:31:08 WARNING  [codeboarding_pro.analysis_controller:459] Skipping incremental update: full analysis artifacts not ready yet
[stderr] 2026-08-09 16:31:08 INFO     [codeboarding_pro.analysis_controller:280] No cached analysis results; skipping health report
[stderr] 2026-08-09 16:32:55 INFO     [watchfiles.main:308] 1 change detected
[stderr] 2026-08-09 16:32:55 WARNING  [codeboarding_pro.analysis_controller:459] Skipping incremental update: full analysis artifacts not ready yet
[stderr] 2026-08-09 16:32:55 INFO     [codeboarding_pro.analysis_controller:280] No cached analysis results; skipping health report
[stderr] 2026-08-09 16:39:56 INFO     [watchfiles.main:308] 1 change detected
[stderr] 2026-08-09 16:39:56 WARNING  [codeboarding_pro.analysis_controller:459] Skipping incremental update: full analysis artifacts not ready yet
[stderr] 2026-08-09 16:39:56 INFO     [codeboarding_pro.analysis_controller:280] No cached analysis results; skipping health report
[stderr] 2026-08-09 16:40:14 INFO     [watchfiles.main:308] 1 change detected
[stderr] 2026-08-09 16:40:14 WARNING  [codeboarding_pro.analysis_controller:459] Skipping incremental update: full analysis artifacts not ready yet
[stderr] 2026-08-09 16:40:14 INFO     [codeboarding_pro.analysis_controller:280] No cached analysis results; skipping health report
[stderr] 2026-08-09 16:40:52 INFO     [watchfiles.main:308] 1 change detected
[stderr] 2026-08-09 16:40:52 WARNING  [codeboarding_pro.analysis_controller:459] Skipping incremental update: full analysis artifacts not ready yet
[stderr] 2026-08-09 16:40:52 INFO     [codeboarding_pro.analysis_controller:280] No cached analysis results; skipping health report
[stderr] 2026-08-09 16:40:54 INFO     [watchfiles.main:308] 1 change detected
[stderr] 2026-08-09 16:40:55 WARNING  [codeboarding_pro.analysis_controller:459] Skipping incremental update: full analysis artifacts not ready yet
[stderr] 2026-08-09 16:40:55 INFO     [codeboarding_pro.analysis_controller:280] No cached analysis results; skipping health report
[stderr] 2026-08-09 16:41:15 INFO     [watchfiles.main:308] 1 change detected
[stderr] 2026-08-09 16:41:15 WARNING  [codeboarding_pro.analysis_controller:459] Skipping incremental update: full analysis artifacts not ready yet
[stderr] 2026-08-09 16:41:15 INFO     [codeboarding_pro.analysis_controller:280] No cached analysis results; skipping health report
[stderr] 2026-08-09 16:41:52 INFO     [watchfiles.main:308] 1 change detected
[stderr] 2026-08-09 16:41:53 WARNING  [codeboarding_pro.analysis_controller:459] Skipping incremental update: full analysis artifacts not ready yet
[stderr] 2026-08-09 16:41:53 INFO     [codeboarding_pro.analysis_controller:280] No cached analysis results; skipping health report
[stderr] 2026-08-09 16:42:19 INFO     [watchfiles.main:308] 1 change detected
[stderr] 2026-08-09 16:42:20 WARNING  [codeboarding_pro.analysis_controller:459] Skipping incremental update: full analysis artifacts not ready yet
[stderr] 2026-08-09 16:42:20 INFO     [codeboarding_pro.analysis_controller:280] No cached analysis results; skipping health report
[stderr] 2026-08-09 16:45:44 INFO     [watchfiles.main:308] 1 change detected
[stderr] 2026-08-09 16:45:44 WARNING  [codeboarding_pro.analysis_controller:459] Skipping incremental update: full analysis artifacts not ready yet
[stderr] 2026-08-09 16:45:44 INFO     [codeboarding_pro.analysis_controller:280] No cached analysis results; skipping health report
[stderr] 2026-08-09 16:46:28 INFO     [watchfiles.main:308] 1 change detected
[stderr] 2026-08-09 16:46:28 WARNING  [codeboarding_pro.analysis_controller:459] Skipping incremental update: full analysis artifacts not ready yet
[stderr] 2026-08-09 16:46:28 INFO     [codeboarding_pro.analysis_controller:280] No cached analysis results; skipping health report
[stderr] 2026-08-09 16:47:14 INFO     [watchfiles.main:308] 1 change detected
[stderr] 2026-08-09 16:47:15 WARNING  [codeboarding_pro.analysis_controller:459] Skipping incremental update: full analysis artifacts not ready yet
[stderr] 2026-08-09 16:47:15 INFO     [codeboarding_pro.analysis_controller:280] No cached analysis results; skipping health report
[stderr] 2026-08-09 16:47:20 INFO     [watchfiles.main:308] 1 change detected
[stderr] 2026-08-09 16:47:21 WARNING  [codeboarding_pro.analysis_controller:459] Skipping incremental update: full analysis artifacts not ready yet
[stderr] 2026-08-09 16:47:21 INFO     [codeboarding_pro.analysis_controller:280] No cached analysis results; skipping health report
[stderr] 2026-08-09 16:48:45 INFO     [watchfiles.main:308] 1 change detected
[stderr] 2026-08-09 16:48:45 WARNING  [codeboarding_pro.analysis_controller:459] Skipping incremental update: full analysis artifacts not ready yet
[stderr] 2026-08-09 16:48:45 INFO     [codeboarding_pro.analysis_controller:280] No cached analysis results; skipping health report
[stderr] 2026-08-09 16:50:19 INFO     [watchfiles.main:308] 1 change detected
[stderr] 2026-08-09 16:50:20 WARNING  [codeboarding_pro.analysis_controller:459] Skipping incremental update: full analysis artifacts not ready yet
[stderr] 2026-08-09 16:50:20 INFO     [codeboarding_pro.analysis_controller:280] No cached analysis results; skipping health report
[stderr] 2026-08-09 16:52:54 INFO     [watchfiles.main:308] 1 change detected
[stderr] 2026-08-09 16:52:54 WARNING  [codeboarding_pro.analysis_controller:459] Skipping incremental update: full analysis artifacts not ready yet
[stderr] 2026-08-09 16:52:54 INFO     [codeboarding_pro.analysis_controller:280] No cached analysis results; skipping health report
[stderr] 2026-08-09 16:54:19 INFO     [watchfiles.main:308] 1 change detected
[stderr] 2026-08-09 16:54:19 WARNING  [codeboarding_pro.analysis_controller:459] Skipping incremental update: full analysis artifacts not ready yet
[stderr] 2026-08-09 16:54:19 INFO     [codeboarding_pro.analysis_controller:280] No cached analysis results; skipping health report
[stderr] 2026-08-09 17:00:31 INFO     [watchfiles.main:308] 1 change detected
[stderr] 2026-08-09 17:00:31 WARNING  [codeboarding_pro.analysis_controller:459] Skipping incremental update: full analysis artifacts not ready yet
[stderr] 2026-08-09 17:00:31 INFO     [codeboarding_pro.analysis_controller:280] No cached analysis results; skipping health report
[stderr] 2026-08-09 17:00:44 INFO     [watchfiles.main:308] 1 change detected
[stderr] 2026-08-09 17:00:44 WARNING  [codeboarding_pro.analysis_controller:459] Skipping incremental update: full analysis artifacts not ready yet
[stderr] 2026-08-09 17:00:44 INFO     [codeboarding_pro.analysis_controller:280] No cached analysis results; skipping health report
[stderr] 2026-08-09 17:01:23 INFO     [watchfiles.main:308] 1 change detected
[stderr] 2026-08-09 17:01:24 WARNING  [codeboarding_pro.analysis_controller:459] Skipping incremental update: full analysis artifacts not ready yet
[stderr] 2026-08-09 17:01:24 INFO     [codeboarding_pro.analysis_controller:280] No cached analysis results; skipping health report
[stderr] 2026-08-09 17:01:32 INFO     [watchfiles.main:308] 1 change detected
[stderr] 2026-08-09 17:01:33 WARNING  [codeboarding_pro.analysis_controller:459] Skipping incremental update: full analysis artifacts not ready yet
[stderr] 2026-08-09 17:01:33 INFO     [codeboarding_pro.analysis_controller:280] No cached analysis results; skipping health report
[stderr] 2026-08-09 17:01:43 INFO     [watchfiles.main:308] 1 change detected
[stderr] 2026-08-09 17:01:44 WARNING  [codeboarding_pro.analysis_controller:459] Skipping incremental update: full analysis artifacts not ready yet
[stderr] 2026-08-09 17:01:44 INFO     [codeboarding_pro.analysis_controller:280] No cached analysis results; skipping health report
[stderr] 2026-08-09 17:01:48 INFO     [watchfiles.main:308] 1 change detected
[stderr] 2026-08-09 17:01:48 WARNING  [codeboarding_pro.analysis_controller:459] Skipping incremental update: full analysis artifacts not ready yet
[stderr] 2026-08-09 17:01:48 INFO     [codeboarding_pro.analysis_controller:280] No cached analysis results; skipping health report
[stderr] 2026-08-09 17:02:00 INFO     [watchfiles.main:308] 1 change detected
[stderr] 2026-08-09 17:02:00 WARNING  [codeboarding_pro.analysis_controller:459] Skipping incremental update: full analysis artifacts not ready yet
[stderr] 2026-08-09 17:02:00 INFO     [codeboarding_pro.analysis_controller:280] No cached analysis results; skipping health report
[stderr] 2026-08-09 17:02:14 INFO     [watchfiles.main:308] 1 change detected
[stderr] 2026-08-09 17:02:15 WARNING  [codeboarding_pro.analysis_controller:459] Skipping incremental update: full analysis artifacts not ready yet
[stderr] 2026-08-09 17:02:15 INFO     [codeboarding_pro.analysis_controller:280] No cached analysis results; skipping health report
[stderr] 2026-08-09 17:02:17 INFO     [watchfiles.main:308] 1 change detected
[stderr] 2026-08-09 17:02:17 WARNING  [codeboarding_pro.analysis_controller:459] Skipping incremental update: full analysis artifacts not ready yet
[stderr] 2026-08-09 17:02:17 INFO     [codeboarding_pro.analysis_controller:280] No cached analysis results; skipping health report
[stderr] 2026-08-09 17:02:39 INFO     [watchfiles.main:308] 1 change detected
[stderr] 2026-08-09 17:02:40 WARNING  [codeboarding_pro.analysis_controller:459] Skipping incremental update: full analysis artifacts not ready yet
[stderr] 2026-08-09 17:02:40 INFO     [codeboarding_pro.analysis_controller:280] No cached analysis results; skipping health report
[stderr] 2026-08-09 17:07:55 INFO     [watchfiles.main:308] 1 change detected
[stderr] 2026-08-09 17:07:56 WARNING  [codeboarding_pro.analysis_controller:459] Skipping incremental update: full analysis artifacts not ready yet
[stderr] 2026-08-09 17:07:56 INFO     [codeboarding_pro.analysis_controller:280] No cached analysis results; skipping health report
